2025-11-03 07:47:00 | WARN | repo=a4m36jee-2014-cdi-seminar | action=pull
2025-09-18 19:16:00 | INFO | repo=a4m36jee-2014-cdi-seminar | action=commit
2025-06-27 13:53:00 | WARN | repo=a4m36jee-2014-cdi-seminar | action=edit | files=5
2025-12-20 15:08:00 | INFO | repo=a4m36jee-2014-cdi-seminar | action=commit
2025-01-04 08:35:00 | DEBUG | repo=a4m36jee-2014-cdi-seminar | action=commit
2025-09-10 07:41:00 | INFO | repo=a4m36jee-2014-cdi-seminar | action=commit
2025-12-27 08:22:00 | INFO | repo=a4m36jee-2014-cdi-seminar | action=pull
2025-11-06 15:34:00 | DEBUG | repo=a4m36jee-2014-cdi-seminar | action=test | passed=true
2025-12-24 14:31:00 | INFO | repo=a4m36jee-2014-cdi-seminar | action=commit
2025-01-23 21:28:00 | INFO | repo=a4m36jee-2014-cdi-seminar | action=commit
2025-06-20 20:11:00 | INFO | repo=a4m36jee-2014-cdi-seminar | action=pull
2025-03-21 12:38:00 | DEBUG | repo=a4m36jee-2014-cdi-seminar | action=edit | files=1
2025-06-07 14:35:00 | WARN | repo=a4m36jee-2014-cdi-seminar | action=commit
2025-06-13 10:59:00 | DEBUG | repo=a4m36jee-2014-cdi-seminar | action=pull
2025-01-08 18:09:00 | WARN | repo=a4m36jee-2014-cdi-seminar | action=test | passed=true
2025-04-13 15:31:00 | DEBUG | repo=a4m36jee-2014-cdi-seminar | action=test | passed=true
2025-05-20 21:52:00 | INFO | repo=a4m36jee-2014-cdi-seminar | action=commit
2025-04-28 20:59:00 | DEBUG | repo=a4m36jee-2014-cdi-seminar | action=commit
2025-03-17 13:20:00 | WARN | repo=a4m36jee-2014-cdi-seminar | action=pull
2025-08-03 20:30:00 | INFO | repo=a4m36jee-2014-cdi-seminar | action=edit | files=4
2025-12-01 21:41:00 | INFO | repo=a4m36jee-2014-cdi-seminar | action=edit | files=2
2025-01-14 07:16:00 | DEBUG | repo=a4m36jee-2014-cdi-seminar | action=commit
2025-07-19 15:33:00 | DEBUG | repo=a4m36jee-2014-cdi-seminar | action=commit
2025-09-06 10:43:00 | DEBUG | repo=a4m36jee-2014-cdi-seminar | action=test | passed=true
2025-10-03 07:09:00 | WARN | repo=a4m36jee-2014-cdi-seminar | action=edit | files=3
2025-06-11 09:30:00 | DEBUG | repo=a4m36jee-2014-cdi-seminar | action=test | passed=true
2025-09-17 09:13:00 | INFO | repo=a4m36jee-2014-cdi-seminar | action=pull
2025-04-26 13:47:00 | DEBUG | repo=a4m36jee-2014-cdi-seminar | action=commit
2025-10-24 18:21:00 | INFO | repo=a4m36jee-2014-cdi-seminar | action=commit
2025-08-01 20:40:00 | DEBUG | repo=a4m36jee-2014-cdi-seminar | action=test | passed=true
2025-02-08 09:35:00 | INFO | repo=a4m36jee-2014-cdi-seminar | action=edit | files=5
2025-01-03 14:03:00 | INFO | repo=a4m36jee-2014-cdi-seminar | action=commit
2025-07-09 15:28:00 | DEBUG | repo=a4m36jee-2014-cdi-seminar | action=edit | files=5
2025-03-14 07:20:00 | DEBUG | repo=a4m36jee-2014-cdi-seminar | action=commit
